---
source: crates/cairn-cli/src/skill.rs
expression: merged
---
{
  "hooks": {
    "SessionStart": [
      {
        "command": "cairn ingest --folder . --mode keyword >/tmp/cairn-session-start.log 2>&1 &"
      }
    ]
  },
  "mcpServers": {
    "cairn": {
      "args": [
        "mcp"
      ],
      "command": "cairn"
    }
  }
}
