---
source: crates/cairn-core/src/verbs/lint/report.rs
assertion_line: 159
expression: s
---
# Lint report

- total: 1
- error: 0
- warning: 0
- info: 1

## coverage

- 1 check category not yet enforced — see `deferred_check` finding(s) below for tracking issues. A clean exit code does not imply these invariants were verified.

## findings

- **INFO ** [DeferredCheck] sensor-consent enforcement requires the receipt timeline introduced in #253
  - fix: ship #253 to enable §6.5
  - tracking: #253
