---
source: crates/cairn-test-fixtures/tests/schema_fixtures.rs
expression: "&c"
---
{
  "vault": {
    "name": "my-vault",
    "tier": "local",
    "layout": {
      "sources": "sources",
      "records": "raw",
      "wiki": "wiki",
      "skills": "skills",
      "enabled_kinds": [],
      "file_naming": "{kind}_{slug}.md",
      "index": {
        "max_lines": 200,
        "max_bytes": 25600
      }
    },
    "hot_memory": {
      "recipe": [
        "purpose",
        "index",
        "pinned_feedback",
        "top_salience_project",
        "active_playbook",
        "recent_user_signal"
      ],
      "max_bytes": 25600
    },
    "retention": {},
    "schema_files": [
      "CLAUDE.md",
      "AGENTS.md",
      "GEMINI.md"
    ]
  },
  "store": {
    "kind": "sqlite"
  },
  "llm": {
    "provider": "openai-compatible",
    "base_url": "http://localhost:11434/v1",
    "model": "${CAIRN_MODEL}",
    "api_key": "${OPENAI_API_KEY}"
  },
  "sensors": {
    "hooks": {
      "enabled": true
    },
    "ide": {
      "enabled": true
    },
    "screen": {
      "enabled": false
    },
    "slack": {
      "enabled": false,
      "scope": []
    }
  },
  "workflows": {
    "orchestrator": "local"
  },
  "pipeline": {
    "extract": {
      "chain": [
        {
          "worker": "regex",
          "kinds": [
            "feedback",
            "rule"
          ],
          "trigger": null,
          "budget": {
            "max_tokens": null,
            "max_wall_ms": null,
            "max_turns": null
          }
        },
        {
          "worker": "llm",
          "kinds": [],
          "trigger": "confidence_below",
          "budget": {
            "max_tokens": 4096,
            "max_wall_ms": 10000,
            "max_turns": null
          }
        }
      ]
    }
  }
}
