---
source: crates/cairn-cli/tests/plugins_verify_snapshot.rs
expression: text
---
cairn-frontend-logseq (FrontendAdapter)
  tier-1 manifest_matches_host                    ok
  tier-1 arc_pointer_stable                       ok
  tier-1 capability_self_consistency_floor        ok
  tier-1 manifest_features_match_capabilities     ok
  tier-2 rejects_immutable_field_edits            ok
  tier-2 rejects_replayed_operation               ok
  tier-2 rejects_tampered_target_hash             ok
  tier-2 quarantines_unrecognized_principal       ok
  tier-2 honors_optimistic_version_check          ok
  tier-2 rejects_expired_signed_intent            ok

cairn-frontend-obsidian (FrontendAdapter)
  tier-1 manifest_matches_host                    ok
  tier-1 arc_pointer_stable                       ok
  tier-1 capability_self_consistency_floor        ok
  tier-1 manifest_features_match_capabilities     ok
  tier-2 rejects_immutable_field_edits            ok
  tier-2 rejects_replayed_operation               ok
  tier-2 rejects_tampered_target_hash             ok
  tier-2 quarantines_unrecognized_principal       ok
  tier-2 honors_optimistic_version_check          ok
  tier-2 rejects_expired_signed_intent            ok

cairn-frontend-vscode (FrontendAdapter)
  tier-1 manifest_matches_host                    ok
  tier-1 arc_pointer_stable                       ok
  tier-1 capability_self_consistency_floor        ok
  tier-1 manifest_features_match_capabilities     ok
  tier-2 rejects_immutable_field_edits            ok
  tier-2 rejects_replayed_operation               ok
  tier-2 rejects_tampered_target_hash             ok
  tier-2 quarantines_unrecognized_principal       ok
  tier-2 honors_optimistic_version_check          ok
  tier-2 rejects_expired_signed_intent            ok

cairn-mcp (MCPServer)
  tier-1 manifest_matches_host                    ok
  tier-1 arc_pointer_stable                       ok
  tier-1 capability_self_consistency_floor        ok
  tier-1 manifest_features_match_capabilities     ok
  tier-2 initialize_and_list_tools                ok

cairn-sensors-local (SensorIngress)
  tier-1 manifest_matches_host                    ok
  tier-1 arc_pointer_stable                       ok
  tier-1 capability_self_consistency_floor        ok
  tier-1 manifest_features_match_capabilities     ok
  tier-2 emits_envelope_when_poked                pending (real impl pending)

cairn-store-sqlite (MemoryStore)
  tier-1 manifest_matches_host                    ok
  tier-1 arc_pointer_stable                       ok
  tier-1 capability_self_consistency_floor        ok
  tier-1 manifest_features_match_capabilities     ok
  tier-2 put_get_roundtrip                        pending (real impl pending)
  tier-2 fts_query_returns_doc                    pending (real impl pending)
  tier-2 vector_search_when_advertised            pending (real impl pending)

cairn-workflows (WorkflowOrchestrator)
  tier-1 manifest_matches_host                    ok
  tier-1 arc_pointer_stable                       ok
  tier-1 capability_self_consistency_floor        ok
  tier-1 manifest_features_match_capabilities     ok
  tier-2 enqueue_then_complete                    pending (real impl pending)

Summary: 7 plugins, 47 ok, 5 pending, 0 failed
