---
source: crates/cairn-cli/tests/plugins_verify_snapshot.rs
expression: text
---
cairn-agent-core (AgentProvider)
  tier-1 manifest_matches_host                    ok
  tier-1 arc_pointer_stable                       ok
  tier-1 capability_self_consistency_floor        ok
  tier-1 manifest_features_match_capabilities     ok
  tier-2 allowlist_rejects_unlisted_tool          ok
  tier-2 mutating_verb_requires_scope             ok
  tier-2 budget_exhaustion_aborts_cleanly         ok
  tier-2 writes_are_wal_routed                    ok

cairn-frontend-logseq (FrontendAdapter)
  tier-1 manifest_matches_host                    ok
  tier-1 arc_pointer_stable                       ok
  tier-1 capability_self_consistency_floor        ok
  tier-1 manifest_features_match_capabilities     ok
  tier-2 rejects_immutable_field_edits            ok
  tier-2 rejects_replayed_operation               ok
  tier-2 rejects_tampered_target_hash             ok
  tier-2 quarantines_unrecognized_principal       ok
  tier-2 honors_optimistic_version_check          ok
  tier-2 rejects_expired_signed_intent            ok

cairn-frontend-obsidian (FrontendAdapter)
  tier-1 manifest_matches_host                    ok
  tier-1 arc_pointer_stable                       ok
  tier-1 capability_self_consistency_floor        ok
  tier-1 manifest_features_match_capabilities     ok
  tier-2 rejects_immutable_field_edits            ok
  tier-2 rejects_replayed_operation               ok
  tier-2 rejects_tampered_target_hash             ok
  tier-2 quarantines_unrecognized_principal       ok
  tier-2 honors_optimistic_version_check          ok
  tier-2 rejects_expired_signed_intent            ok

cairn-frontend-vscode (FrontendAdapter)
  tier-1 manifest_matches_host                    ok
  tier-1 arc_pointer_stable                       ok
  tier-1 capability_self_consistency_floor        ok
  tier-1 manifest_features_match_capabilities     ok
  tier-2 rejects_immutable_field_edits            ok
  tier-2 rejects_replayed_operation               ok
  tier-2 rejects_tampered_target_hash             ok
  tier-2 quarantines_unrecognized_principal       ok
  tier-2 honors_optimistic_version_check          ok
  tier-2 rejects_expired_signed_intent            ok

cairn-mcp (MCPServer)
  tier-1 manifest_matches_host                    ok
  tier-1 arc_pointer_stable                       ok
  tier-1 capability_self_consistency_floor        ok
  tier-1 manifest_features_match_capabilities     ok
  tier-2 initialize_and_list_tools                pending (stdio advertised, but core cannot exercise initialize/tools-list without the MCP adapter)

cairn-sensors-local (SensorIngress)
  tier-1 manifest_matches_host                    ok
  tier-1 arc_pointer_stable                       ok
  tier-1 capability_self_consistency_floor        ok
  tier-1 manifest_features_match_capabilities     ok
  tier-2 emits_envelope_when_poked                pending (real impl pending)

cairn-store-sqlite (MemoryStore)
  tier-1 manifest_matches_host                    ok
  tier-1 arc_pointer_stable                       ok
  tier-1 capability_self_consistency_floor        ok
  tier-1 manifest_features_match_capabilities     ok
  tier-2 put_get_roundtrip                        pending (real impl pending)
  tier-2 fts_query_returns_doc                    pending (real impl pending)
  tier-2 vector_search_when_advertised            pending (real impl pending)

cairn-workflows (WorkflowOrchestrator)
  tier-1 manifest_matches_host                    ok
  tier-1 arc_pointer_stable                       ok
  tier-1 capability_self_consistency_floor        ok
  tier-1 manifest_features_match_capabilities     ok
  tier-2 enqueue_then_complete                    pending (real impl pending)

cairn-claude-code (pack)
  tier-1 pack_conformance_case                    ok
  tier-1 pack_conformance_case                    ok
  tier-1 pack_conformance_case                    ok
  tier-1 pack_conformance_case                    ok
  tier-2 pack_conformance_case                    ok

Summary: 9 plugins, 59 ok, 6 pending, 0 failed
