---
source: crates/cairn-cli/tests/search_modes_golden.rs
expression: stdout
---
{"contract":"cairn.mcp.v1","data":{"hits":[{"record_id":"01HQZX9F5N0000000000000001","score":-0.40270960330963135,"snippet":"","trust":"unknown"},{"record_id":"01HQZX9F5N0000000000000002","score":-0.40557312965393066,"snippet":"","trust":"unknown"},{"record_id":"01HQZX9F5N0000000000000000","score":-0.4200601577758789,"snippet":"","trust":"unknown"},{"record_id":"01HQZX9F5N0000000000000003","score":-0.4235043525695801,"snippet":"","trust":"unknown"}]},"operation_id":"01XXXXXXXXXXXXXXXXXXXXXXXX","policy_trace":[],"status":"committed","verb":"search"}
