---
source: crates/cairn-cli/tests/search_modes_golden.rs
expression: stdout
---
{"contract":"cairn.mcp.v1","data":{"hits":[]},"operation_id":"01XXXXXXXXXXXXXXXXXXXXXXXX","policy_trace":[{"gate":"search.scope","result":"pass"},{"gate":"search.capability","result":"pass"},{"gate":"search.read_filter","result":"pass"}],"status":"committed","verb":"search"}
