---
source: crates/cairn-cli/tests/status_snapshot_insta.rs
assertion_line: 101
expression: v
---
{
  "capabilities": [
    "cairn.sensor.v1.screen.ocr.tesseract",
    "cairn.sensor.v1.screen.xcap"
  ],
  "contract": "cairn.mcp.v1",
  "extensions": [],
  "mcp_graph_tools": {
    "probe_basis": "config_only",
    "reason": "vault_not_bound",
    "state": "no_vault"
  },
  "pipeline_dispatch": [
    {
      "decision": "bypass",
      "source_family": "cli"
    },
    {
      "decision": "bypass",
      "source_family": "clipboard"
    },
    {
      "decision": "bypass",
      "source_family": "hook"
    },
    {
      "decision": "bypass",
      "source_family": "ide"
    },
    {
      "decision": "bypass",
      "source_family": "mcp"
    },
    {
      "decision": "bypass",
      "source_family": "proactive"
    },
    {
      "decision": "bypass",
      "source_family": "recording_batch"
    },
    {
      "decision": "bypass",
      "source_family": "screen"
    },
    {
      "decision": "squash_when_interactive_tty",
      "source_family": "terminal"
    },
    {
      "decision": "bypass",
      "source_family": "voice"
    }
  ],
  "sensors": {
    "screen": {
      "backend": "xcap",
      "degradation": {
        "code": "screen.disabled",
        "message": "screen sensor is disabled in config"
      },
      "mode": "off",
      "ocr_engine": "tesseract",
      "permission": "not_requested",
      "state": "disabled"
    }
  },
  "server_info": {
    "build": "<masked>",
    "incarnation": "<masked>",
    "started_at": "<masked>",
    "version": "<masked>"
  }
}
